\Q"L1" |-> cons ( a (  ), cons ( b (  ), nil (  ) ) )\E\n\Q"L2" |-> nil (  )\E
\Q"L1" |-> nil (  )\E\n\Q"L2" |-> cons ( b (  ), cons ( a (  ), nil (  ) ) )\E
