"L1" |-> cons \( (.*?), cons \( ((?!\1).*?), cons \( ((?!\1|\2).*?), cons \( ((?!\1|\2|\3).*?), nil \(  \) \) \) \) \)\n"L2" \|-> L2\n"L3" \|-> cons \( \1, cons \( \2, cons \( \3, cons \( \4, cons \( a \(  \), L2 \) \) \) \) \)
"L1" |-> cons \( (.*?), cons \( ((?!\1).*?), cons \( ((?!\1|\2).*?), nil \(  \) \) \) \)\n"L2" \|-> L2\n"L3" \|-> cons \( \1, cons \( \2, cons \( \3, cons \( a \(  \), L2 \) \) \) \)
"L1" |-> cons \( (.*?), cons \( ((?!\1).*?), nil \(  \) \) \)\n"L2" \|-> L2\n"L3" \|-> cons \( \1, cons \( \2, cons \( a \(  \), L2 \) \) \)
"L1" |-> cons \( (.*?), nil \(  \) \)\n"L2" \|-> L2\n"L3" \|-> cons \( \1, cons \( a \(  \), L2 \) \)
"L1" |-> nil \(  \)\n"L2" \|-> L2\n"L3" \|-> cons \( a \(  \), L2 \)
