"A".*jim.*\n"B".*john.*\n"X".*david.*
"A".*nathan.*\n"B".*david.*\n"X".*jim.*
"A".*nathan.*\n"B".*david.*\n"X".*steve.*
"A".*nathan.*\n"B".*jim.*\n"X".*steve.*
"A".*nathan.*\n"B".*john.*\n"X".*david.*
"A".*nathan.*\n"B".*john.*\n"X".*jim.*
"A".*nathan.*\n"B".*john.*\n"X".*steve.*
"A".*steve.*\n"B".*david.*\n"X".*jim.*
"A".*steve.*\n"B".*john.*\n"X".*david.*
"A".*steve.*\n"B".*john.*\n"X".*jim.*
