\Q"L" |-> cons ( c (  ), cons ( X, cons ( a (  ), nil (  ) ) ) )\E\n\Q"T" |-> cons ( a (  ), cons ( X, cons ( c (  ), nil (  ) ) ) )\E\n\Q"X" |-> X\E
