Search results:

Solution 1:
Solution:K -->
L1:Term |-> cons ( _141:Term, cons ( _175:Term, cons ( _212:Term, cons ( _252
  :Term, nil ) ) ) )
L2:Term |-> L2:Term
L3:Term |-> cons ( _141, cons ( _175, cons ( _212, cons ( _252, cons ( a, L2 )
   ) ) ) )

Solution 2:
Solution:K -->
L1:Term |-> cons ( _141:Term, cons ( _175:Term, cons ( _212:Term, nil ) ) )
L2:Term |-> L2:Term
L3:Term |-> cons ( _141, cons ( _175, cons ( _212, cons ( a, L2 ) ) ) )

Solution 3:
Solution:K -->
L1:Term |-> cons ( _141:Term, cons ( _175:Term, nil ) )
L2:Term |-> L2:Term
L3:Term |-> cons ( _141, cons ( _175, cons ( a, L2 ) ) )

Solution 4:
Solution:K -->
L1:Term |-> cons ( _141:Term, nil )
L2:Term |-> L2:Term
L3:Term |-> cons ( _141, cons ( a, L2 ) )

Solution 5:
Solution:K -->
L1:Term |-> nil
L2:Term |-> L2:Term
L3:Term |-> cons ( a, L2 )
