\QL1:Term |-> cons ( a, cons ( b, nil ) )\E\n\QL2:Term |-> nil\E
\QL1:Term |-> nil\E\n\QL2:Term |-> cons ( b, cons ( a, nil ) )\E
