Y:Term \|-> (.*?)\nZ:Term |-> cons \( a \(  \), \1 \)
