A:Term.*jim.*B:Term.*john.*X:Term.*david.*
A:Term.*nathan.*B:Term.*david.*X:Term.*jim.*
A:Term.*nathan.*B:Term.*david.*X:Term.*steve.*
A:Term.*nathan.*B:Term.*jim.*X:Term.*steve.*
A:Term.*nathan.*B:Term.*john.*X:Term.*david.*
A:Term.*nathan.*B:Term.*john.*X:Term.*jim.*
A:Term.*nathan.*B:Term.*john.*X:Term.*steve.*
A:Term.*steve.*B:Term.*david.*X:Term.*jim.*
A:Term.*steve.*B:Term.*john.*X:Term.*david.*
A:Term.*steve.*B:Term.*john.*X:Term.*jim.*
