Search results:

Solution 1:
Solution:K -->
L:Term |-> cons ( _153:Term, cons ( _153, nil ) )

Solution 2:
Solution:K -->
L:Term |-> cons ( _153:Term, cons ( _186:Term, cons ( _153, nil ) ) )

Solution 3:
Solution:K -->
L:Term |-> cons ( _153:Term, cons ( _186:Term, cons ( _186, cons ( _153, nil )
   ) ) )

Solution 4:
Solution:K -->
L:Term |-> cons ( _153:Term, nil )

Solution 5:
Solution:K -->
L:Term |-> nil
