Search results:

Solution 1:
Solution:K -->
L:Term |-> cons ( _164:Term, cons ( _164, nil ) )

Solution 2:
Solution:K -->
L:Term |-> cons ( _164:Term, cons ( _198:Term, cons ( _164, nil ) ) )

Solution 3:
Solution:K -->
L:Term |-> cons ( _164:Term, cons ( _198:Term, cons ( _198, cons ( _164, nil )
   ) ) )

Solution 4:
Solution:K -->
L:Term |-> cons ( _164:Term, nil )

Solution 5:
Solution:K -->
L:Term |-> nil
