A:Term \|-> C:Term\nB:Term \|-> B:Term\nC:Term \|-> C
