\QL:Term |-> cons ( c, cons ( X:Term, cons ( a, nil ) ) )\E\n\QT:Term |-> cons ( a, cons ( X, cons ( c, nil ) ) )\E\n\QX:Term |-> X\E
