A:Term \|-> A:Term\nB:Term \|-> B:Term\nC:Term \|-> A
