<k>
    ListItem ( 2040109466 ) ListItem ( false )
</k>
