<k>
    ListItem ( 4080218932 ) ListItem ( false )
</k>
