<k>
    (x)
</k>
<stuck>
    true
</stuck>
<s>
    false
</s>