<k>
    (z)
</k>
<stuck>
    true
</stuck>
<s>
    true
</s>