<k>
    (y)
</k>
<stuck>
    true
</stuck>
<s>
    true
</s>