Search results:

Solution 1:
Result:K -->
foo6 ( 0 )
